[03:04:51] case 1/21: a16_speck starting
[03:19:33] case a16_speck done in 14.7 min: Cl=1.9701 Cd=0.5923 buffet=1.1048 drift=+0.1089
[03:19:33] case 2/21: a16_h10p50 starting
[03:33:44] case a16_h10p50 done in 14.2 min: Cl=1.9567 Cd=0.5943 buffet=1.4640 drift=+0.3405
[03:33:44] case 3/21: a16_h10p90 starting
[03:47:47] case a16_h10p90 done in 14.0 min: Cl=nan Cd=nan buffet=nan drift=+nan
[03:47:47] case 4/21: a16_h12p50 starting
[04:01:46] case a16_h12p50 done in 14.0 min: Cl=1.7973 Cd=0.5583 buffet=1.2908 drift=+0.2968
[04:01:46] case 5/21: a16_h12p90 starting
[04:15:44] case a16_h12p90 done in 14.0 min: Cl=1.9538 Cd=0.5985 buffet=1.2999 drift=+0.1464
[04:15:44] case 6/21: a16_h16p50 starting
[04:29:42] case a16_h16p50 done in 14.0 min: Cl=1.9571 Cd=0.5979 buffet=1.3218 drift=+0.2962
[04:29:42] case 7/21: a16_h16p90 starting
[04:43:40] case a16_h16p90 done in 14.0 min: Cl=1.8542 Cd=0.5776 buffet=1.8193 drift=+0.1025
[04:43:40] case 8/21: a18_speck starting
[04:57:39] case a18_speck done in 14.0 min: Cl=nan Cd=nan buffet=0.0824 drift=+nan
[04:57:39] case 9/21: a18_h10p50 starting
[04:59:25] case 1/21: a16_speck already banked, skipping
[04:59:25] case 2/21: a16_h10p50 already banked, skipping
[04:59:25] case 3/21: a16_h10p90 starting
[05:18:45] case a16_h10p90 done in 19.3 min: Cl=1.8756 Cd=0.5810 buffet=1.7392 drift=+0.2149
[05:18:45] case 4/21: a16_h12p50 already banked, skipping
[05:18:45] case 5/21: a16_h12p90 already banked, skipping
[05:18:45] case 6/21: a16_h16p50 already banked, skipping
[05:18:45] case 7/21: a16_h16p90 already banked, skipping
[05:18:45] case 8/21: a18_speck starting
[05:37:11] case a18_speck done in 18.4 min: Cl=2.1779 Cd=0.7550 buffet=2.4455 drift=-0.0135
[05:37:11] case 9/21: a18_h10p50 starting
[05:55:37] case a18_h10p50 done in 18.4 min: Cl=2.2684 Cd=0.7848 buffet=2.4979 drift=+0.2083
[05:55:37] case 10/21: a18_h10p90 starting
[06:14:04] case a18_h10p90 done in 18.4 min: Cl=2.3081 Cd=0.7830 buffet=2.8363 drift=+0.2943
[06:14:04] case 11/21: a18_h12p50 starting
[06:32:30] case a18_h12p50 done in 18.4 min: Cl=2.1691 Cd=0.7533 buffet=2.7329 drift=+0.0212
[06:32:30] case 12/21: a18_h12p90 starting
[06:50:55] case a18_h12p90 done in 18.4 min: Cl=2.2036 Cd=0.7545 buffet=2.4691 drift=+0.0089
[06:50:55] case 13/21: a18_h16p50 starting
[07:09:22] case a18_h16p50 done in 18.4 min: Cl=2.1977 Cd=0.7577 buffet=2.5208 drift=+0.2801
[07:09:22] case 14/21: a18_h16p90 starting
[07:27:48] case a18_h16p90 done in 18.4 min: Cl=2.3398 Cd=0.7890 buffet=2.6068 drift=-0.1249
[07:27:48] case 15/21: a20_speck starting
[07:46:14] case a20_speck done in 18.4 min: Cl=2.7154 Cd=1.0059 buffet=2.6746 drift=-0.1081
[07:46:14] case 16/21: a20_h10p50 starting
[08:04:40] case a20_h10p50 done in 18.4 min: Cl=2.4894 Cd=0.9589 buffet=2.5170 drift=+0.3595
[08:04:40] case 17/21: a20_h10p90 starting
[08:23:06] case a20_h10p90 done in 18.4 min: Cl=2.6530 Cd=0.9976 buffet=2.5496 drift=-0.2176
[08:23:06] case 18/21: a20_h12p50 starting
[08:41:32] case a20_h12p50 done in 18.4 min: Cl=2.6517 Cd=0.9994 buffet=2.7584 drift=-0.2599
[08:41:32] case 19/21: a20_h12p90 starting
[08:59:58] case a20_h12p90 done in 18.4 min: Cl=2.7571 Cd=1.0257 buffet=2.5745 drift=+0.0548
[08:59:58] case 20/21: a20_h16p50 starting
[09:18:25] case a20_h16p50 done in 18.4 min: Cl=2.7131 Cd=0.9986 buffet=2.2717 drift=-0.1413
[09:18:25] case 21/21: a20_h16p90 starting
[09:37:00] case a20_h16p90 done in 18.6 min: Cl=2.7456 Cd=1.0196 buffet=2.4492 drift=+0.0150
[09:37:00] act III complete -> L:\Dev\glasair_vg_sim\gpu\fluidx3d\results\suite\REPORT_act3.md
